  Определение проектов для восстановления...
  Все проекты обновлены для восстановления.
  ToyPlanet.Core -> C:\Users\BRUHOWOZ\Desktop\ToyPlanet_Lab1_2\src\ToyPlanet.Core\bin\Debug\net7.0\ToyPlanet.Core.dll
  ToyPlanet.Tests -> C:\Users\BRUHOWOZ\Desktop\ToyPlanet_Lab1_2\tests\ToyPlanet.Tests\bin\Debug\net10.0\ToyPlanet.Tests.dll
Тестовый запуск для C:\Users\BRUHOWOZ\Desktop\ToyPlanet_Lab1_2\tests\ToyPlanet.Tests\bin\Debug\net10.0\ToyPlanet.Tests.dll (.NETCoreApp,Version=v10.0)
Версия VSTest 18.0.1 (x64)

Запуск выполнения тестов; подождите...
Общее количество тестовых файлов (1), соответствующих указанному шаблону.
Внимание! Перезапись файла с результатами: C:\Users\BRUHOWOZ\Desktop\ToyPlanet_Lab1_2\tests\ToyPlanet.Tests\TestResults\TestResults.trx
Файл результатов: C:\Users\BRUHOWOZ\Desktop\ToyPlanet_Lab1_2\tests\ToyPlanet.Tests\TestResults\TestResults.trx

Пройден!   : не пройдено     0, пройдено     6, пропущено     0, всего     6, длительность 15 ms. - ToyPlanet.Tests.dll (net10.0)
